Archive member included because of file (symbol)

c:/program files (x86)/gnu tools arm embedded/4.9 2015q3/bin/../lib/gcc/arm-none-eabi/4.9.3/armv6-m\libgcc.a(_udivsi3.o)
                              ..\obj\stm32f0xx_hal_rcc_ex.o (__aeabi_uidiv)
c:/program files (x86)/gnu tools arm embedded/4.9 2015q3/bin/../lib/gcc/arm-none-eabi/4.9.3/armv6-m\libgcc.a(_dvmd_tls.o)
                              c:/program files (x86)/gnu tools arm embedded/4.9 2015q3/bin/../lib/gcc/arm-none-eabi/4.9.3/armv6-m\libgcc.a(_udivsi3.o) (__aeabi_idiv0)
c:/program files (x86)/gnu tools arm embedded/4.9 2015q3/bin/../lib/gcc/arm-none-eabi/4.9.3/../../../../arm-none-eabi/lib/armv6-m\libg.a(lib_a-exit.o)
                              c:/program files (x86)/gnu tools arm embedded/4.9 2015q3/bin/../lib/gcc/arm-none-eabi/4.9.3/../../../../arm-none-eabi/lib/armv6-m/crt0.o (exit)
c:/program files (x86)/gnu tools arm embedded/4.9 2015q3/bin/../lib/gcc/arm-none-eabi/4.9.3/../../../../arm-none-eabi/lib/armv6-m\libg.a(lib_a-impure.o)
                              c:/program files (x86)/gnu tools arm embedded/4.9 2015q3/bin/../lib/gcc/arm-none-eabi/4.9.3/../../../../arm-none-eabi/lib/armv6-m\libg.a(lib_a-exit.o) (_global_impure_ptr)
c:/program files (x86)/gnu tools arm embedded/4.9 2015q3/bin/../lib/gcc/arm-none-eabi/4.9.3/../../../../arm-none-eabi/lib/armv6-m\libg.a(lib_a-init.o)
                              c:/program files (x86)/gnu tools arm embedded/4.9 2015q3/bin/../lib/gcc/arm-none-eabi/4.9.3/../../../../arm-none-eabi/lib/armv6-m/crt0.o (__libc_init_array)
c:/program files (x86)/gnu tools arm embedded/4.9 2015q3/bin/../lib/gcc/arm-none-eabi/4.9.3/../../../../arm-none-eabi/lib/armv6-m\libg.a(lib_a-memset.o)
                              c:/program files (x86)/gnu tools arm embedded/4.9 2015q3/bin/../lib/gcc/arm-none-eabi/4.9.3/../../../../arm-none-eabi/lib/armv6-m/crt0.o (memset)
c:/program files (x86)/gnu tools arm embedded/4.9 2015q3/bin/../lib/gcc/arm-none-eabi/4.9.3/../../../../arm-none-eabi/lib/armv6-m\libg.a(lib_a-__call_atexit.o)
                              c:/program files (x86)/gnu tools arm embedded/4.9 2015q3/bin/../lib/gcc/arm-none-eabi/4.9.3/../../../../arm-none-eabi/lib/armv6-m\libg.a(lib_a-exit.o) (__call_exitprocs)
c:/program files (x86)/gnu tools arm embedded/4.9 2015q3/bin/../lib/gcc/arm-none-eabi/4.9.3/../../../../arm-none-eabi/lib/armv6-m\libg.a(lib_a-atexit.o)
                              c:/program files (x86)/gnu tools arm embedded/4.9 2015q3/bin/../lib/gcc/arm-none-eabi/4.9.3/../../../../arm-none-eabi/lib/armv6-m\libg.a(lib_a-__call_atexit.o) (atexit)
c:/program files (x86)/gnu tools arm embedded/4.9 2015q3/bin/../lib/gcc/arm-none-eabi/4.9.3/../../../../arm-none-eabi/lib/armv6-m\libg.a(lib_a-fini.o)
                              c:/program files (x86)/gnu tools arm embedded/4.9 2015q3/bin/../lib/gcc/arm-none-eabi/4.9.3/../../../../arm-none-eabi/lib/armv6-m\libg.a(lib_a-__call_atexit.o) (__libc_fini_array)
c:/program files (x86)/gnu tools arm embedded/4.9 2015q3/bin/../lib/gcc/arm-none-eabi/4.9.3/../../../../arm-none-eabi/lib/armv6-m\libg.a(lib_a-__atexit.o)
                              c:/program files (x86)/gnu tools arm embedded/4.9 2015q3/bin/../lib/gcc/arm-none-eabi/4.9.3/../../../../arm-none-eabi/lib/armv6-m\libg.a(lib_a-atexit.o) (__register_exitproc)

Allocating common symbols
Common symbol       size              file

pFlash              0x20              ..\obj\stm32f0xx_hal_flash.o

Discarded input sections

 .text          0x00000000        0x0 c:/program files (x86)/gnu tools arm embedded/4.9 2015q3/bin/../lib/gcc/arm-none-eabi/4.9.3/armv6-m/crti.o
 .data          0x00000000        0x0 c:/program files (x86)/gnu tools arm embedded/4.9 2015q3/bin/../lib/gcc/arm-none-eabi/4.9.3/armv6-m/crti.o
 .bss           0x00000000        0x0 c:/program files (x86)/gnu tools arm embedded/4.9 2015q3/bin/../lib/gcc/arm-none-eabi/4.9.3/armv6-m/crti.o
 .data          0x00000000        0x4 c:/program files (x86)/gnu tools arm embedded/4.9 2015q3/bin/../lib/gcc/arm-none-eabi/4.9.3/armv6-m/crtbegin.o
 .text          0x00000000       0x78 c:/program files (x86)/gnu tools arm embedded/4.9 2015q3/bin/../lib/gcc/arm-none-eabi/4.9.3/../../../../arm-none-eabi/lib/armv6-m/crt0.o
 .data          0x00000000        0x0 c:/program files (x86)/gnu tools arm embedded/4.9 2015q3/bin/../lib/gcc/arm-none-eabi/4.9.3/../../../../arm-none-eabi/lib/armv6-m/crt0.o
 .bss           0x00000000        0x0 c:/program files (x86)/gnu tools arm embedded/4.9 2015q3/bin/../lib/gcc/arm-none-eabi/4.9.3/../../../../arm-none-eabi/lib/armv6-m/crt0.o
 .ARM.extab     0x00000000        0x0 c:/program files (x86)/gnu tools arm embedded/4.9 2015q3/bin/../lib/gcc/arm-none-eabi/4.9.3/../../../../arm-none-eabi/lib/armv6-m/crt0.o
 .ARM.exidx     0x00000000        0x8 c:/program files (x86)/gnu tools arm embedded/4.9 2015q3/bin/../lib/gcc/arm-none-eabi/4.9.3/../../../../arm-none-eabi/lib/armv6-m/crt0.o
 .ARM.attributes
                0x00000000       0x1b c:/program files (x86)/gnu tools arm embedded/4.9 2015q3/bin/../lib/gcc/arm-none-eabi/4.9.3/../../../../arm-none-eabi/lib/armv6-m/crt0.o
 .text          0x00000000      0x938 ..\obj\stm32f0xx_hal_dma.o
 .data          0x00000000        0x0 ..\obj\stm32f0xx_hal_dma.o
 .bss           0x00000000        0x0 ..\obj\stm32f0xx_hal_dma.o
 .debug_info    0x00000000      0x52d ..\obj\stm32f0xx_hal_dma.o
 .debug_abbrev  0x00000000      0x175 ..\obj\stm32f0xx_hal_dma.o
 .debug_aranges
                0x00000000       0x20 ..\obj\stm32f0xx_hal_dma.o
 .debug_line    0x00000000      0x686 ..\obj\stm32f0xx_hal_dma.o
 .debug_str     0x00000000      0x4a9 ..\obj\stm32f0xx_hal_dma.o
 .comment       0x00000000       0x71 ..\obj\stm32f0xx_hal_dma.o
 .debug_frame   0x00000000      0x150 ..\obj\stm32f0xx_hal_dma.o
 .ARM.attributes
                0x00000000       0x31 ..\obj\stm32f0xx_hal_dma.o
 .text          0x00000000       0xf8 ..\obj\stm32f0xx_hal_smartcard_ex.o
 .data          0x00000000        0x0 ..\obj\stm32f0xx_hal_smartcard_ex.o
 .bss           0x00000000        0x0 ..\obj\stm32f0xx_hal_smartcard_ex.o
 .debug_info    0x00000000      0x69b ..\obj\stm32f0xx_hal_smartcard_ex.o
 .debug_abbrev  0x00000000      0x143 ..\obj\stm32f0xx_hal_smartcard_ex.o
 .debug_aranges
                0x00000000       0x20 ..\obj\stm32f0xx_hal_smartcard_ex.o
 .debug_line    0x00000000      0x2db ..\obj\stm32f0xx_hal_smartcard_ex.o
 .debug_str     0x00000000      0x7e4 ..\obj\stm32f0xx_hal_smartcard_ex.o
 .comment       0x00000000       0x71 ..\obj\stm32f0xx_hal_smartcard_ex.o
 .debug_frame   0x00000000       0x90 ..\obj\stm32f0xx_hal_smartcard_ex.o
 .ARM.attributes
                0x00000000       0x31 ..\obj\stm32f0xx_hal_smartcard_ex.o
 .text          0x00000000      0xa20 ..\obj\stm32f0xx_hal_rcc_ex.o
 .data          0x00000000        0x0 ..\obj\stm32f0xx_hal_rcc_ex.o
 .bss           0x00000000        0x0 ..\obj\stm32f0xx_hal_rcc_ex.o
 .rodata        0x00000000       0x20 ..\obj\stm32f0xx_hal_rcc_ex.o
 .debug_info    0x00000000      0x567 ..\obj\stm32f0xx_hal_rcc_ex.o
 .debug_abbrev  0x00000000      0x17f ..\obj\stm32f0xx_hal_rcc_ex.o
 .debug_aranges
                0x00000000       0x20 ..\obj\stm32f0xx_hal_rcc_ex.o
 .debug_line    0x00000000      0x3f4 ..\obj\stm32f0xx_hal_rcc_ex.o
 .debug_str     0x00000000      0x4d7 ..\obj\stm32f0xx_hal_rcc_ex.o
 .comment       0x00000000       0x71 ..\obj\stm32f0xx_hal_rcc_ex.o
 .debug_frame   0x00000000       0xb0 ..\obj\stm32f0xx_hal_rcc_ex.o
 .ARM.attributes
                0x00000000       0x31 ..\obj\stm32f0xx_hal_rcc_ex.o
 .text          0x00000000      0x40c ..\obj\stm32f0xx_hal_cortex.o
 .data          0x00000000        0x0 ..\obj\stm32f0xx_hal_cortex.o
 .bss           0x00000000        0x0 ..\obj\stm32f0xx_hal_cortex.o
 .debug_info    0x00000000      0x682 ..\obj\stm32f0xx_hal_cortex.o
 .debug_abbrev  0x00000000      0x224 ..\obj\stm32f0xx_hal_cortex.o
 .debug_aranges
                0x00000000       0x20 ..\obj\stm32f0xx_hal_cortex.o
 .debug_line    0x00000000      0x2ed ..\obj\stm32f0xx_hal_cortex.o
 .debug_str     0x00000000      0x5be ..\obj\stm32f0xx_hal_cortex.o
 .comment       0x00000000       0x71 ..\obj\stm32f0xx_hal_cortex.o
 .debug_frame   0x00000000      0x2a4 ..\obj\stm32f0xx_hal_cortex.o
 .ARM.attributes
                0x00000000       0x31 ..\obj\stm32f0xx_hal_cortex.o
 .text          0x00000000      0x568 ..\obj\stm32f0xx_hal_flash.o
 .data          0x00000000        0x0 ..\obj\stm32f0xx_hal_flash.o
 .bss           0x00000000        0x0 ..\obj\stm32f0xx_hal_flash.o
 .debug_info    0x00000000      0x4ea ..\obj\stm32f0xx_hal_flash.o
 .debug_abbrev  0x00000000      0x1ca ..\obj\stm32f0xx_hal_flash.o
 .debug_aranges
                0x00000000       0x20 ..\obj\stm32f0xx_hal_flash.o
 .debug_line    0x00000000      0x361 ..\obj\stm32f0xx_hal_flash.o
 .debug_str     0x00000000      0x509 ..\obj\stm32f0xx_hal_flash.o
 .comment       0x00000000       0x71 ..\obj\stm32f0xx_hal_flash.o
 .debug_frame   0x00000000      0x1d8 ..\obj\stm32f0xx_hal_flash.o
 .ARM.attributes
                0x00000000       0x31 ..\obj\stm32f0xx_hal_flash.o
 COMMON         0x00000000       0x20 ..\obj\stm32f0xx_hal_flash.o
 .text          0x00000000     0x13c8 ..\obj\stm32f0xx_hal_tim_ex.o
 .data          0x00000000        0x0 ..\obj\stm32f0xx_hal_tim_ex.o
 .bss           0x00000000        0x0 ..\obj\stm32f0xx_hal_tim_ex.o
 .debug_info    0x00000000      0xe81 ..\obj\stm32f0xx_hal_tim_ex.o
 .debug_abbrev  0x00000000      0x1f5 ..\obj\stm32f0xx_hal_tim_ex.o
 .debug_aranges
                0x00000000       0x20 ..\obj\stm32f0xx_hal_tim_ex.o
 .debug_line    0x00000000      0x6c0 ..\obj\stm32f0xx_hal_tim_ex.o
 .debug_str     0x00000000      0xb34 ..\obj\stm32f0xx_hal_tim_ex.o
 .comment       0x00000000       0x71 ..\obj\stm32f0xx_hal_tim_ex.o
 .debug_frame   0x00000000      0x4b0 ..\obj\stm32f0xx_hal_tim_ex.o
 .ARM.attributes
                0x00000000       0x31 ..\obj\stm32f0xx_hal_tim_ex.o
 .text          0x00000000      0x744 ..\obj\stm32f0xx_hal_flash_ex.o
 .data          0x00000000        0x0 ..\obj\stm32f0xx_hal_flash_ex.o
 .bss           0x00000000        0x0 ..\obj\stm32f0xx_hal_flash_ex.o
 .debug_info    0x00000000      0x6c2 ..\obj\stm32f0xx_hal_flash_ex.o
 .debug_abbrev  0x00000000      0x1b9 ..\obj\stm32f0xx_hal_flash_ex.o
 .debug_aranges
                0x00000000       0x20 ..\obj\stm32f0xx_hal_flash_ex.o
 .debug_line    0x00000000      0x386 ..\obj\stm32f0xx_hal_flash_ex.o
 .debug_str     0x00000000      0x5e0 ..\obj\stm32f0xx_hal_flash_ex.o
 .comment       0x00000000       0x71 ..\obj\stm32f0xx_hal_flash_ex.o
 .debug_frame   0x00000000      0x1c4 ..\obj\stm32f0xx_hal_flash_ex.o
 .ARM.attributes
                0x00000000       0x31 ..\obj\stm32f0xx_hal_flash_ex.o
 .text          0x00000000      0x1a8 ..\obj\stm32f0xx_hal_pwr.o
 .data          0x00000000        0x0 ..\obj\stm32f0xx_hal_pwr.o
 .bss           0x00000000        0x0 ..\obj\stm32f0xx_hal_pwr.o
 .debug_info    0x00000000      0x402 ..\obj\stm32f0xx_hal_pwr.o
 .debug_abbrev  0x00000000      0x13c ..\obj\stm32f0xx_hal_pwr.o
 .debug_aranges
                0x00000000       0x20 ..\obj\stm32f0xx_hal_pwr.o
 .debug_line    0x00000000      0x2a3 ..\obj\stm32f0xx_hal_pwr.o
 .debug_str     0x00000000      0x31b ..\obj\stm32f0xx_hal_pwr.o
 .comment       0x00000000       0x71 ..\obj\stm32f0xx_hal_pwr.o
 .debug_frame   0x00000000      0x100 ..\obj\stm32f0xx_hal_pwr.o
 .ARM.attributes
                0x00000000       0x31 ..\obj\stm32f0xx_hal_pwr.o
 .bss           0x00000000        0x0 ..\obj\system_stm32f0xx.o
 .text          0x00000000       0x84 ..\obj\stm32f0xx_hal_crc_ex.o
 .data          0x00000000        0x0 ..\obj\stm32f0xx_hal_crc_ex.o
 .bss           0x00000000        0x0 ..\obj\stm32f0xx_hal_crc_ex.o
 .debug_info    0x00000000      0x304 ..\obj\stm32f0xx_hal_crc_ex.o
 .debug_abbrev  0x00000000       0xcb ..\obj\stm32f0xx_hal_crc_ex.o
 .debug_aranges
                0x00000000       0x20 ..\obj\stm32f0xx_hal_crc_ex.o
 .debug_line    0x00000000      0x275 ..\obj\stm32f0xx_hal_crc_ex.o
 .debug_str     0x00000000      0x3ea ..\obj\stm32f0xx_hal_crc_ex.o
 .comment       0x00000000       0x71 ..\obj\stm32f0xx_hal_crc_ex.o
 .debug_frame   0x00000000       0x70 ..\obj\stm32f0xx_hal_crc_ex.o
 .ARM.attributes
                0x00000000       0x31 ..\obj\stm32f0xx_hal_crc_ex.o
 .text          0x00000000      0x5c0 ..\obj\stm32f0xx_hal_uart_ex.o
 .data          0x00000000        0x0 ..\obj\stm32f0xx_hal_uart_ex.o
 .bss           0x00000000        0x0 ..\obj\stm32f0xx_hal_uart_ex.o
 .debug_info    0x00000000      0x7fe ..\obj\stm32f0xx_hal_uart_ex.o
 .debug_abbrev  0x00000000      0x1b6 ..\obj\stm32f0xx_hal_uart_ex.o
 .debug_aranges
                0x00000000       0x20 ..\obj\stm32f0xx_hal_uart_ex.o
 .debug_line    0x00000000      0x3aa ..\obj\stm32f0xx_hal_uart_ex.o
 .debug_str     0x00000000      0x837 ..\obj\stm32f0xx_hal_uart_ex.o
 .comment       0x00000000       0x71 ..\obj\stm32f0xx_hal_uart_ex.o
 .debug_frame   0x00000000      0x150 ..\obj\stm32f0xx_hal_uart_ex.o
 .ARM.attributes
                0x00000000       0x31 ..\obj\stm32f0xx_hal_uart_ex.o
 .text          0x00000000     0x1920 ..\obj\stm32f0xx_hal_smbus.o
 .data          0x00000000        0x0 ..\obj\stm32f0xx_hal_smbus.o
 .bss           0x00000000        0x0 ..\obj\stm32f0xx_hal_smbus.o
 .debug_info    0x00000000      0xae4 ..\obj\stm32f0xx_hal_smbus.o
 .debug_abbrev  0x00000000      0x1b7 ..\obj\stm32f0xx_hal_smbus.o
 .debug_aranges
                0x00000000       0x20 ..\obj\stm32f0xx_hal_smbus.o
 .debug_line    0x00000000      0x6d1 ..\obj\stm32f0xx_hal_smbus.o
 .debug_str     0x00000000      0x92a ..\obj\stm32f0xx_hal_smbus.o
 .comment       0x00000000       0x71 ..\obj\stm32f0xx_hal_smbus.o
 .debug_frame   0x00000000      0x3fc ..\obj\stm32f0xx_hal_smbus.o
 .ARM.attributes
                0x00000000       0x31 ..\obj\stm32f0xx_hal_smbus.o
 .text          0x00000000      0x258 ..\obj\stm32f0xx_hal_iwdg.o
 .data          0x00000000        0x0 ..\obj\stm32f0xx_hal_iwdg.o
 .bss           0x00000000        0x0 ..\obj\stm32f0xx_hal_iwdg.o
 .debug_info    0x00000000      0x2f0 ..\obj\stm32f0xx_hal_iwdg.o
 .debug_abbrev  0x00000000      0x160 ..\obj\stm32f0xx_hal_iwdg.o
 .debug_aranges
                0x00000000       0x20 ..\obj\stm32f0xx_hal_iwdg.o
 .debug_line    0x00000000      0x2f9 ..\obj\stm32f0xx_hal_iwdg.o
 .debug_str     0x00000000      0x329 ..\obj\stm32f0xx_hal_iwdg.o
 .comment       0x00000000       0x71 ..\obj\stm32f0xx_hal_iwdg.o
 .debug_frame   0x00000000       0xb0 ..\obj\stm32f0xx_hal_iwdg.o
 .ARM.attributes
                0x00000000       0x31 ..\obj\stm32f0xx_hal_iwdg.o
 .text          0x00000000     0x15f8 ..\obj\stm32f0xx_hal_uart.o
 .data          0x00000000        0x0 ..\obj\stm32f0xx_hal_uart.o
 .bss           0x00000000        0x0 ..\obj\stm32f0xx_hal_uart.o
 .debug_info    0x00000000      0xf0c ..\obj\stm32f0xx_hal_uart.o
 .debug_abbrev  0x00000000      0x19c ..\obj\stm32f0xx_hal_uart.o
 .debug_aranges
                0x00000000       0x20 ..\obj\stm32f0xx_hal_uart.o
 .debug_line    0x00000000      0x6f4 ..\obj\stm32f0xx_hal_uart.o
 .debug_str     0x00000000      0xb30 ..\obj\stm32f0xx_hal_uart.o
 .comment       0x00000000       0x71 ..\obj\stm32f0xx_hal_uart.o
 .debug_frame   0x00000000      0x4d0 ..\obj\stm32f0xx_hal_uart.o
 .ARM.attributes
                0x00000000       0x31 ..\obj\stm32f0xx_hal_uart.o
 .text          0x00000000      0xf6c ..\obj\stm32f0xx_hal_irda.o
 .data          0x00000000        0x0 ..\obj\stm32f0xx_hal_irda.o
 .bss           0x00000000        0x0 ..\obj\stm32f0xx_hal_irda.o
 .debug_info    0x00000000      0xbf2 ..\obj\stm32f0xx_hal_irda.o
 .debug_abbrev  0x00000000      0x22d ..\obj\stm32f0xx_hal_irda.o
 .debug_aranges
                0x00000000       0x20 ..\obj\stm32f0xx_hal_irda.o
 .debug_line    0x00000000      0x5df ..\obj\stm32f0xx_hal_irda.o
 .debug_str     0x00000000      0x8e3 ..\obj\stm32f0xx_hal_irda.o
 .comment       0x00000000       0x71 ..\obj\stm32f0xx_hal_irda.o
 .debug_frame   0x00000000      0x330 ..\obj\stm32f0xx_hal_irda.o
 .ARM.attributes
                0x00000000       0x31 ..\obj\stm32f0xx_hal_irda.o
 .text          0x00000000      0x59c ..\obj\stm32f0xx_hal_tsc.o
 .data          0x00000000        0x0 ..\obj\stm32f0xx_hal_tsc.o
 .bss           0x00000000        0x0 ..\obj\stm32f0xx_hal_tsc.o
 .debug_info    0x00000000      0x6ad ..\obj\stm32f0xx_hal_tsc.o
 .debug_abbrev  0x00000000      0x1a6 ..\obj\stm32f0xx_hal_tsc.o
 .debug_aranges
                0x00000000       0x20 ..\obj\stm32f0xx_hal_tsc.o
 .debug_line    0x00000000      0x405 ..\obj\stm32f0xx_hal_tsc.o
 .debug_str     0x00000000      0x59d ..\obj\stm32f0xx_hal_tsc.o
 .comment       0x00000000       0x71 ..\obj\stm32f0xx_hal_tsc.o
 .debug_frame   0x00000000      0x250 ..\obj\stm32f0xx_hal_tsc.o
 .ARM.attributes
                0x00000000       0x31 ..\obj\stm32f0xx_hal_tsc.o
 .text          0x00000000       0xe8 ..\obj\syscalls.o
 .data          0x00000000        0x0 ..\obj\syscalls.o
 .bss           0x00000000        0x4 ..\obj\syscalls.o
 .debug_info    0x00000000      0x3ee ..\obj\syscalls.o
 .debug_abbrev  0x00000000       0xe2 ..\obj\syscalls.o
 .debug_aranges
                0x00000000       0x20 ..\obj\syscalls.o
 .debug_line    0x00000000      0x125 ..\obj\syscalls.o
 .debug_str     0x00000000      0x2dc ..\obj\syscalls.o
 .comment       0x00000000       0x71 ..\obj\syscalls.o
 .debug_frame   0x00000000      0x12c ..\obj\syscalls.o
 .ARM.attributes
                0x00000000       0x31 ..\obj\syscalls.o
 .text          0x00000000        0x0 ..\obj\stm32f0xx_hal_comp.o
 .data          0x00000000        0x0 ..\obj\stm32f0xx_hal_comp.o
 .bss           0x00000000        0x0 ..\obj\stm32f0xx_hal_comp.o
 .debug_line    0x00000000        0x0 ..\obj\stm32f0xx_hal_comp.o
 .debug_str     0x00000000       0xda ..\obj\stm32f0xx_hal_comp.o
 .comment       0x00000000       0x71 ..\obj\stm32f0xx_hal_comp.o
 .ARM.attributes
                0x00000000       0x31 ..\obj\stm32f0xx_hal_comp.o
 .text          0x00000000      0x26c ..\obj\stm32f0xx_hal_dac.o
 .data          0x00000000        0x0 ..\obj\stm32f0xx_hal_dac.o
 .bss           0x00000000        0x0 ..\obj\stm32f0xx_hal_dac.o
 .debug_info    0x00000000      0x753 ..\obj\stm32f0xx_hal_dac.o
 .debug_abbrev  0x00000000      0x16e ..\obj\stm32f0xx_hal_dac.o
 .debug_aranges
                0x00000000       0x20 ..\obj\stm32f0xx_hal_dac.o
 .debug_line    0x00000000      0x2e2 ..\obj\stm32f0xx_hal_dac.o
 .debug_str     0x00000000      0x614 ..\obj\stm32f0xx_hal_dac.o
 .comment       0x00000000       0x71 ..\obj\stm32f0xx_hal_dac.o
 .debug_frame   0x00000000      0x250 ..\obj\stm32f0xx_hal_dac.o
 .ARM.attributes
                0x00000000       0x31 ..\obj\stm32f0xx_hal_dac.o
 .text          0x00000000      0x40c ..\obj\stm32f0xx_hal_crc.o
 .data          0x00000000        0x0 ..\obj\stm32f0xx_hal_crc.o
 .bss           0x00000000        0x0 ..\obj\stm32f0xx_hal_crc.o
 .debug_info    0x00000000      0x4ba ..\obj\stm32f0xx_hal_crc.o
 .debug_abbrev  0x00000000      0x162 ..\obj\stm32f0xx_hal_crc.o
 .debug_aranges
                0x00000000       0x20 ..\obj\stm32f0xx_hal_crc.o
 .debug_line    0x00000000      0x345 ..\obj\stm32f0xx_hal_crc.o
 .debug_str     0x00000000      0x429 ..\obj\stm32f0xx_hal_crc.o
 .comment       0x00000000       0x71 ..\obj\stm32f0xx_hal_crc.o
 .debug_frame   0x00000000      0x130 ..\obj\stm32f0xx_hal_crc.o
 .ARM.attributes
                0x00000000       0x31 ..\obj\stm32f0xx_hal_crc.o
 .text          0x00000000      0x218 ..\obj\stm32f0xx_hal_wwdg.o
 .data          0x00000000        0x0 ..\obj\stm32f0xx_hal_wwdg.o
 .bss           0x00000000        0x0 ..\obj\stm32f0xx_hal_wwdg.o
 .debug_info    0x00000000      0x37c ..\obj\stm32f0xx_hal_wwdg.o
 .debug_abbrev  0x00000000      0x167 ..\obj\stm32f0xx_hal_wwdg.o
 .debug_aranges
                0x00000000       0x20 ..\obj\stm32f0xx_hal_wwdg.o
 .debug_line    0x00000000      0x31a ..\obj\stm32f0xx_hal_wwdg.o
 .debug_str     0x00000000      0x37c ..\obj\stm32f0xx_hal_wwdg.o
 .comment       0x00000000       0x71 ..\obj\stm32f0xx_hal_wwdg.o
 .debug_frame   0x00000000      0x150 ..\obj\stm32f0xx_hal_wwdg.o
 .ARM.attributes
                0x00000000       0x31 ..\obj\stm32f0xx_hal_wwdg.o
 .text          0x00000000     0x1768 ..\obj\stm32f0xx_hal_usart.o
 .data          0x00000000        0x0 ..\obj\stm32f0xx_hal_usart.o
 .bss           0x00000000        0x0 ..\obj\stm32f0xx_hal_usart.o
 .debug_info    0x00000000      0xeed ..\obj\stm32f0xx_hal_usart.o
 .debug_abbrev  0x00000000      0x215 ..\obj\stm32f0xx_hal_usart.o
 .debug_aranges
                0x00000000       0x20 ..\obj\stm32f0xx_hal_usart.o
 .debug_line    0x00000000      0x858 ..\obj\stm32f0xx_hal_usart.o
 .debug_str     0x00000000      0xa59 ..\obj\stm32f0xx_hal_usart.o
 .comment       0x00000000       0x71 ..\obj\stm32f0xx_hal_usart.o
 .debug_frame   0x00000000      0x4b0 ..\obj\stm32f0xx_hal_usart.o
 .ARM.attributes
                0x00000000       0x31 ..\obj\stm32f0xx_hal_usart.o
 .text          0x00000000      0x120 ..\obj\stm32f0xx_hal_pwr_ex.o
 .data          0x00000000        0x0 ..\obj\stm32f0xx_hal_pwr_ex.o
 .bss           0x00000000        0x0 ..\obj\stm32f0xx_hal_pwr_ex.o
 .debug_info    0x00000000      0x1ca ..\obj\stm32f0xx_hal_pwr_ex.o
 .debug_abbrev  0x00000000      0x111 ..\obj\stm32f0xx_hal_pwr_ex.o
 .debug_aranges
                0x00000000       0x20 ..\obj\stm32f0xx_hal_pwr_ex.o
 .debug_line    0x00000000      0x276 ..\obj\stm32f0xx_hal_pwr_ex.o
 .debug_str     0x00000000      0x236 ..\obj\stm32f0xx_hal_pwr_ex.o
 .comment       0x00000000       0x71 ..\obj\stm32f0xx_hal_pwr_ex.o
 .debug_frame   0x00000000       0xa0 ..\obj\stm32f0xx_hal_pwr_ex.o
 .ARM.attributes
                0x00000000       0x31 ..\obj\stm32f0xx_hal_pwr_ex.o
 .text          0x00000000     0x3b24 ..\obj\stm32f0xx_hal_i2c.o
 .data          0x00000000        0x0 ..\obj\stm32f0xx_hal_i2c.o
 .bss           0x00000000        0x0 ..\obj\stm32f0xx_hal_i2c.o
 .debug_info    0x00000000     0x1414 ..\obj\stm32f0xx_hal_i2c.o
 .debug_abbrev  0x00000000      0x1bf ..\obj\stm32f0xx_hal_i2c.o
 .debug_aranges
                0x00000000       0x20 ..\obj\stm32f0xx_hal_i2c.o
 .debug_line    0x00000000      0xca8 ..\obj\stm32f0xx_hal_i2c.o
 .debug_str     0x00000000      0xbb9 ..\obj\stm32f0xx_hal_i2c.o
 .comment       0x00000000       0x71 ..\obj\stm32f0xx_hal_i2c.o
 .debug_frame   0x00000000      0x6b0 ..\obj\stm32f0xx_hal_i2c.o
 .ARM.attributes
                0x00000000       0x31 ..\obj\stm32f0xx_hal_i2c.o
 .data          0x00000000        0x0 ..\obj\main.o
 .bss           0x00000000        0x0 ..\obj\main.o
 .text          0x00000000      0xf90 ..\obj\stm32f0xx_hal_i2s.o
 .data          0x00000000        0x0 ..\obj\stm32f0xx_hal_i2s.o
 .bss           0x00000000        0x0 ..\obj\stm32f0xx_hal_i2s.o
 .debug_info    0x00000000      0xb89 ..\obj\stm32f0xx_hal_i2s.o
 .debug_abbrev  0x00000000      0x1f9 ..\obj\stm32f0xx_hal_i2s.o
 .debug_aranges
                0x00000000       0x20 ..\obj\stm32f0xx_hal_i2s.o
 .debug_line    0x00000000      0x560 ..\obj\stm32f0xx_hal_i2s.o
 .debug_str     0x00000000      0x85e ..\obj\stm32f0xx_hal_i2s.o
 .comment       0x00000000       0x71 ..\obj\stm32f0xx_hal_i2s.o
 .debug_frame   0x00000000      0x3b0 ..\obj\stm32f0xx_hal_i2s.o
 .ARM.attributes
                0x00000000       0x31 ..\obj\stm32f0xx_hal_i2s.o
 .text          0x00000000     0x1094 ..\obj\stm32f0xx_hal_smartcard.o
 .data          0x00000000        0x0 ..\obj\stm32f0xx_hal_smartcard.o
 .bss           0x00000000        0x0 ..\obj\stm32f0xx_hal_smartcard.o
 .debug_info    0x00000000      0xcac ..\obj\stm32f0xx_hal_smartcard.o
 .debug_abbrev  0x00000000      0x200 ..\obj\stm32f0xx_hal_smartcard.o
 .debug_aranges
                0x00000000       0x20 ..\obj\stm32f0xx_hal_smartcard.o
 .debug_line    0x00000000      0x5b5 ..\obj\stm32f0xx_hal_smartcard.o
 .debug_str     0x00000000      0xb1c ..\obj\stm32f0xx_hal_smartcard.o
 .comment       0x00000000       0x71 ..\obj\stm32f0xx_hal_smartcard.o
 .debug_frame   0x00000000      0x350 ..\obj\stm32f0xx_hal_smartcard.o
 .ARM.attributes
                0x00000000       0x31 ..\obj\stm32f0xx_hal_smartcard.o
 .text          0x00000000       0x14 ..\obj\startup_stm32f051x8.o
 .data          0x00000000        0x0 ..\obj\startup_stm32f051x8.o
 .bss           0x00000000        0x0 ..\obj\startup_stm32f051x8.o
 .text          0x00000000       0x20 ..\obj\stm32f0xx_hal_msp_template.o
 .data          0x00000000        0x0 ..\obj\stm32f0xx_hal_msp_template.o
 .bss           0x00000000        0x0 ..\obj\stm32f0xx_hal_msp_template.o
 .debug_info    0x00000000       0xb3 ..\obj\stm32f0xx_hal_msp_template.o
 .debug_abbrev  0x00000000       0x40 ..\obj\stm32f0xx_hal_msp_template.o
 .debug_aranges
                0x00000000       0x20 ..\obj\stm32f0xx_hal_msp_template.o
 .debug_line    0x00000000       0xb0 ..\obj\stm32f0xx_hal_msp_template.o
 .debug_str     0x00000000      0x1ab ..\obj\stm32f0xx_hal_msp_template.o
 .comment       0x00000000       0x71 ..\obj\stm32f0xx_hal_msp_template.o
 .debug_frame   0x00000000       0x80 ..\obj\stm32f0xx_hal_msp_template.o
 .ARM.attributes
                0x00000000       0x31 ..\obj\stm32f0xx_hal_msp_template.o
 .text          0x00000000      0x354 ..\obj\stm32f0xx_hal_dac_ex.o
 .data          0x00000000        0x0 ..\obj\stm32f0xx_hal_dac_ex.o
 .bss           0x00000000        0x0 ..\obj\stm32f0xx_hal_dac_ex.o
 .debug_info    0x00000000      0x674 ..\obj\stm32f0xx_hal_dac_ex.o
 .debug_abbrev  0x00000000      0x193 ..\obj\stm32f0xx_hal_dac_ex.o
 .debug_aranges
                0x00000000       0x20 ..\obj\stm32f0xx_hal_dac_ex.o
 .debug_line    0x00000000      0x365 ..\obj\stm32f0xx_hal_dac_ex.o
 .debug_str     0x00000000      0x5a7 ..\obj\stm32f0xx_hal_dac_ex.o
 .comment       0x00000000       0x71 ..\obj\stm32f0xx_hal_dac_ex.o
 .debug_frame   0x00000000      0x150 ..\obj\stm32f0xx_hal_dac_ex.o
 .ARM.attributes
                0x00000000       0x31 ..\obj\stm32f0xx_hal_dac_ex.o
 .text          0x00000000      0xbe4 ..\obj\stm32f0xx_hal_cec.o
 .data          0x00000000        0x0 ..\obj\stm32f0xx_hal_cec.o
 .bss           0x00000000        0x0 ..\obj\stm32f0xx_hal_cec.o
 .debug_info    0x00000000      0x6a9 ..\obj\stm32f0xx_hal_cec.o
 .debug_abbrev  0x00000000      0x19f ..\obj\stm32f0xx_hal_cec.o
 .debug_aranges
                0x00000000       0x20 ..\obj\stm32f0xx_hal_cec.o
 .debug_line    0x00000000      0x4f9 ..\obj\stm32f0xx_hal_cec.o
 .debug_str     0x00000000      0x617 ..\obj\stm32f0xx_hal_cec.o
 .comment       0x00000000       0x71 ..\obj\stm32f0xx_hal_cec.o
 .debug_frame   0x00000000      0x210 ..\obj\stm32f0xx_hal_cec.o
 .ARM.attributes
                0x00000000       0x31 ..\obj\stm32f0xx_hal_cec.o
 .text          0x00000000      0xe34 ..\obj\stm32f0xx_hal_rtc.o
 .data          0x00000000        0x0 ..\obj\stm32f0xx_hal_rtc.o
 .bss           0x00000000        0x0 ..\obj\stm32f0xx_hal_rtc.o
 .debug_info    0x00000000      0x9f7 ..\obj\stm32f0xx_hal_rtc.o
 .debug_abbrev  0x00000000      0x196 ..\obj\stm32f0xx_hal_rtc.o
 .debug_aranges
                0x00000000       0x20 ..\obj\stm32f0xx_hal_rtc.o
 .debug_line    0x00000000      0x4bd ..\obj\stm32f0xx_hal_rtc.o
 .debug_str     0x00000000      0x654 ..\obj\stm32f0xx_hal_rtc.o
 .comment       0x00000000       0x71 ..\obj\stm32f0xx_hal_rtc.o
 .debug_frame   0x00000000      0x290 ..\obj\stm32f0xx_hal_rtc.o
 .ARM.attributes
                0x00000000       0x31 ..\obj\stm32f0xx_hal_rtc.o
 .text          0x00000000      0x1d8 ..\obj\stm32f0xx_hal.o
 .data          0x00000000        0x0 ..\obj\stm32f0xx_hal.o
 .bss           0x00000000        0x4 ..\obj\stm32f0xx_hal.o
 .debug_info    0x00000000      0x500 ..\obj\stm32f0xx_hal.o
 .debug_abbrev  0x00000000      0x192 ..\obj\stm32f0xx_hal.o
 .debug_aranges
                0x00000000       0x20 ..\obj\stm32f0xx_hal.o
 .debug_line    0x00000000      0x2f6 ..\obj\stm32f0xx_hal.o
 .debug_str     0x00000000      0x54a ..\obj\stm32f0xx_hal.o
 .comment       0x00000000       0x71 ..\obj\stm32f0xx_hal.o
 .debug_frame   0x00000000      0x1f4 ..\obj\stm32f0xx_hal.o
 .ARM.attributes
                0x00000000       0x31 ..\obj\stm32f0xx_hal.o
 .text          0x00000000      0x2fc ..\obj\stm32f0xx_hal_i2c_ex.o
 .data          0x00000000        0x0 ..\obj\stm32f0xx_hal_i2c_ex.o
 .bss           0x00000000        0x0 ..\obj\stm32f0xx_hal_i2c_ex.o
 .debug_info    0x00000000      0x5b9 ..\obj\stm32f0xx_hal_i2c_ex.o
 .debug_abbrev  0x00000000      0x138 ..\obj\stm32f0xx_hal_i2c_ex.o
 .debug_aranges
                0x00000000       0x20 ..\obj\stm32f0xx_hal_i2c_ex.o
 .debug_line    0x00000000      0x3b2 ..\obj\stm32f0xx_hal_i2c_ex.o
 .debug_str     0x00000000      0x6ee ..\obj\stm32f0xx_hal_i2c_ex.o
 .comment       0x00000000       0x71 ..\obj\stm32f0xx_hal_i2c_ex.o
 .debug_frame   0x00000000       0x90 ..\obj\stm32f0xx_hal_i2c_ex.o
 .ARM.attributes
                0x00000000       0x31 ..\obj\stm32f0xx_hal_i2c_ex.o
 .text          0x00000000      0xf0c ..\obj\stm32f0xx_hal_adc.o
 .data          0x00000000        0x0 ..\obj\stm32f0xx_hal_adc.o
 .bss           0x00000000        0x0 ..\obj\stm32f0xx_hal_adc.o
 .debug_info    0x00000000      0xbd4 ..\obj\stm32f0xx_hal_adc.o
 .debug_abbrev  0x00000000      0x1d5 ..\obj\stm32f0xx_hal_adc.o
 .debug_aranges
                0x00000000       0x20 ..\obj\stm32f0xx_hal_adc.o
 .debug_line    0x00000000      0x5ad ..\obj\stm32f0xx_hal_adc.o
 .debug_str     0x00000000      0x984 ..\obj\stm32f0xx_hal_adc.o
 .comment       0x00000000       0x71 ..\obj\stm32f0xx_hal_adc.o
 .debug_frame   0x00000000      0x390 ..\obj\stm32f0xx_hal_adc.o
 .ARM.attributes
                0x00000000       0x31 ..\obj\stm32f0xx_hal_adc.o
 .text          0x00000000     0x3f60 ..\obj\stm32f0xx_hal_tim.o
 .data          0x00000000        0x0 ..\obj\stm32f0xx_hal_tim.o
 .bss           0x00000000        0x0 ..\obj\stm32f0xx_hal_tim.o
 .debug_info    0x00000000     0x20ab ..\obj\stm32f0xx_hal_tim.o
 .debug_abbrev  0x00000000      0x218 ..\obj\stm32f0xx_hal_tim.o
 .debug_aranges
                0x00000000       0x20 ..\obj\stm32f0xx_hal_tim.o
 .debug_line    0x00000000      0xf87 ..\obj\stm32f0xx_hal_tim.o
 .debug_str     0x00000000     0x128b ..\obj\stm32f0xx_hal_tim.o
 .comment       0x00000000       0x71 ..\obj\stm32f0xx_hal_tim.o
 .debug_frame   0x00000000      0xd50 ..\obj\stm32f0xx_hal_tim.o
 .ARM.attributes
                0x00000000       0x31 ..\obj\stm32f0xx_hal_tim.o
 .text          0x00000000     0x2820 ..\obj\stm32f0xx_hal_spi.o
 .data          0x00000000        0x0 ..\obj\stm32f0xx_hal_spi.o
 .bss           0x00000000        0x0 ..\obj\stm32f0xx_hal_spi.o
 .debug_info    0x00000000      0xf55 ..\obj\stm32f0xx_hal_spi.o
 .debug_abbrev  0x00000000      0x1f9 ..\obj\stm32f0xx_hal_spi.o
 .debug_aranges
                0x00000000       0x20 ..\obj\stm32f0xx_hal_spi.o
 .debug_line    0x00000000      0x8d9 ..\obj\stm32f0xx_hal_spi.o
 .debug_str     0x00000000      0xa63 ..\obj\stm32f0xx_hal_spi.o
 .comment       0x00000000       0x71 ..\obj\stm32f0xx_hal_spi.o
 .debug_frame   0x00000000      0x558 ..\obj\stm32f0xx_hal_spi.o
 .ARM.attributes
                0x00000000       0x31 ..\obj\stm32f0xx_hal_spi.o
 .text          0x00000000        0x0 ..\obj\stm32f0xx_hal_pcd_ex.o
 .data          0x00000000        0x0 ..\obj\stm32f0xx_hal_pcd_ex.o
 .bss           0x00000000        0x0 ..\obj\stm32f0xx_hal_pcd_ex.o
 .debug_info    0x00000000       0x67 ..\obj\stm32f0xx_hal_pcd_ex.o
 .debug_abbrev  0x00000000       0x24 ..\obj\stm32f0xx_hal_pcd_ex.o
 .debug_aranges
                0x00000000       0x18 ..\obj\stm32f0xx_hal_pcd_ex.o
 .debug_line    0x00000000       0x1d ..\obj\stm32f0xx_hal_pcd_ex.o
 .debug_str     0x00000000      0x169 ..\obj\stm32f0xx_hal_pcd_ex.o
 .comment       0x00000000       0x71 ..\obj\stm32f0xx_hal_pcd_ex.o
 .ARM.attributes
                0x00000000       0x31 ..\obj\stm32f0xx_hal_pcd_ex.o
 .text          0x00000000       0xcc ..\obj\stm32f0xx_hal_adc_ex.o
 .data          0x00000000        0x0 ..\obj\stm32f0xx_hal_adc_ex.o
 .bss           0x00000000        0x0 ..\obj\stm32f0xx_hal_adc_ex.o
 .debug_info    0x00000000      0x510 ..\obj\stm32f0xx_hal_adc_ex.o
 .debug_abbrev  0x00000000      0x101 ..\obj\stm32f0xx_hal_adc_ex.o
 .debug_aranges
                0x00000000       0x20 ..\obj\stm32f0xx_hal_adc_ex.o
 .debug_line    0x00000000      0x2c7 ..\obj\stm32f0xx_hal_adc_ex.o
 .debug_str     0x00000000      0x669 ..\obj\stm32f0xx_hal_adc_ex.o
 .comment       0x00000000       0x71 ..\obj\stm32f0xx_hal_adc_ex.o
 .debug_frame   0x00000000       0x30 ..\obj\stm32f0xx_hal_adc_ex.o
 .ARM.attributes
                0x00000000       0x31 ..\obj\stm32f0xx_hal_adc_ex.o
 .text          0x00000000        0x0 ..\obj\stm32f0xx_hal_pcd.o
 .data          0x00000000        0x0 ..\obj\stm32f0xx_hal_pcd.o
 .bss           0x00000000        0x0 ..\obj\stm32f0xx_hal_pcd.o
 .debug_info    0x00000000       0x67 ..\obj\stm32f0xx_hal_pcd.o
 .debug_abbrev  0x00000000       0x24 ..\obj\stm32f0xx_hal_pcd.o
 .debug_aranges
                0x00000000       0x18 ..\obj\stm32f0xx_hal_pcd.o
 .debug_line    0x00000000       0x1d ..\obj\stm32f0xx_hal_pcd.o
 .debug_str     0x00000000      0x166 ..\obj\stm32f0xx_hal_pcd.o
 .comment       0x00000000       0x71 ..\obj\stm32f0xx_hal_pcd.o
 .ARM.attributes
                0x00000000       0x31 ..\obj\stm32f0xx_hal_pcd.o
 .text          0x00000000      0x690 ..\obj\stm32f0xx_hal_gpio.o
 .data          0x00000000        0x0 ..\obj\stm32f0xx_hal_gpio.o
 .bss           0x00000000        0x0 ..\obj\stm32f0xx_hal_gpio.o
 .debug_info    0x00000000      0x5c2 ..\obj\stm32f0xx_hal_gpio.o
 .debug_abbrev  0x00000000      0x1a6 ..\obj\stm32f0xx_hal_gpio.o
 .debug_aranges
                0x00000000       0x20 ..\obj\stm32f0xx_hal_gpio.o
 .debug_line    0x00000000      0x3cc ..\obj\stm32f0xx_hal_gpio.o
 .debug_str     0x00000000      0x3cd ..\obj\stm32f0xx_hal_gpio.o
 .comment       0x00000000       0x71 ..\obj\stm32f0xx_hal_gpio.o
 .debug_frame   0x00000000      0x110 ..\obj\stm32f0xx_hal_gpio.o
 .ARM.attributes
                0x00000000       0x31 ..\obj\stm32f0xx_hal_gpio.o
 .text          0x00000000      0xc34 ..\obj\stm32f0xx_hal_rtc_ex.o
 .data          0x00000000        0x0 ..\obj\stm32f0xx_hal_rtc_ex.o
 .bss           0x00000000        0x0 ..\obj\stm32f0xx_hal_rtc_ex.o
 .debug_info    0x00000000      0xaab ..\obj\stm32f0xx_hal_rtc_ex.o
 .debug_abbrev  0x00000000      0x1a5 ..\obj\stm32f0xx_hal_rtc_ex.o
 .debug_aranges
                0x00000000       0x20 ..\obj\stm32f0xx_hal_rtc_ex.o
 .debug_line    0x00000000      0x611 ..\obj\stm32f0xx_hal_rtc_ex.o
 .debug_str     0x00000000      0x81c ..\obj\stm32f0xx_hal_rtc_ex.o
 .comment       0x00000000       0x71 ..\obj\stm32f0xx_hal_rtc_ex.o
 .debug_frame   0x00000000      0x310 ..\obj\stm32f0xx_hal_rtc_ex.o
 .ARM.attributes
                0x00000000       0x31 ..\obj\stm32f0xx_hal_rtc_ex.o
 .text          0x00000000        0x0 ..\obj\stm32f0xx_hal_ppp.o
 .data          0x00000000        0x0 ..\obj\stm32f0xx_hal_ppp.o
 .bss           0x00000000        0x0 ..\obj\stm32f0xx_hal_ppp.o
 .debug_info    0x00000000       0x67 ..\obj\stm32f0xx_hal_ppp.o
 .debug_abbrev  0x00000000       0x24 ..\obj\stm32f0xx_hal_ppp.o
 .debug_aranges
                0x00000000       0x18 ..\obj\stm32f0xx_hal_ppp.o
 .debug_line    0x00000000       0x1d ..\obj\stm32f0xx_hal_ppp.o
 .debug_str     0x00000000      0x166 ..\obj\stm32f0xx_hal_ppp.o
 .comment       0x00000000       0x71 ..\obj\stm32f0xx_hal_ppp.o
 .ARM.attributes
                0x00000000       0x31 ..\obj\stm32f0xx_hal_ppp.o
 .text          0x00000000      0x33c ..\obj\stm32f0xx_hal_rcc.o
 .data          0x00000000        0x0 ..\obj\stm32f0xx_hal_rcc.o
 .bss           0x00000000        0x0 ..\obj\stm32f0xx_hal_rcc.o
 .rodata        0x00000000       0x10 ..\obj\stm32f0xx_hal_rcc.o
 .debug_info    0x00000000      0x633 ..\obj\stm32f0xx_hal_rcc.o
 .debug_abbrev  0x00000000      0x20e ..\obj\stm32f0xx_hal_rcc.o
 .debug_aranges
                0x00000000       0x20 ..\obj\stm32f0xx_hal_rcc.o
 .debug_line    0x00000000      0x2f6 ..\obj\stm32f0xx_hal_rcc.o
 .debug_str     0x00000000      0x535 ..\obj\stm32f0xx_hal_rcc.o
 .comment       0x00000000       0x71 ..\obj\stm32f0xx_hal_rcc.o
 .debug_frame   0x00000000      0x190 ..\obj\stm32f0xx_hal_rcc.o
 .ARM.attributes
                0x00000000       0x31 ..\obj\stm32f0xx_hal_rcc.o
 .text          0x00000000        0x0 ..\obj\stm32f0xx_hal_can.o
 .data          0x00000000        0x0 ..\obj\stm32f0xx_hal_can.o
 .bss           0x00000000        0x0 ..\obj\stm32f0xx_hal_can.o
 .debug_info    0x00000000       0x67 ..\obj\stm32f0xx_hal_can.o
 .debug_abbrev  0x00000000       0x24 ..\obj\stm32f0xx_hal_can.o
 .debug_aranges
                0x00000000       0x18 ..\obj\stm32f0xx_hal_can.o
 .debug_line    0x00000000       0x1d ..\obj\stm32f0xx_hal_can.o
 .debug_str     0x00000000      0x166 ..\obj\stm32f0xx_hal_can.o
 .comment       0x00000000       0x71 ..\obj\stm32f0xx_hal_can.o
 .ARM.attributes
                0x00000000       0x31 ..\obj\stm32f0xx_hal_can.o
 .data          0x00000000        0x0 c:/program files (x86)/gnu tools arm embedded/4.9 2015q3/bin/../lib/gcc/arm-none-eabi/4.9.3/armv6-m\libgcc.a(_udivsi3.o)
 .bss           0x00000000        0x0 c:/program files (x86)/gnu tools arm embedded/4.9 2015q3/bin/../lib/gcc/arm-none-eabi/4.9.3/armv6-m\libgcc.a(_udivsi3.o)
 .data          0x00000000        0x0 c:/program files (x86)/gnu tools arm embedded/4.9 2015q3/bin/../lib/gcc/arm-none-eabi/4.9.3/armv6-m\libgcc.a(_dvmd_tls.o)
 .bss           0x00000000        0x0 c:/program files (x86)/gnu tools arm embedded/4.9 2015q3/bin/../lib/gcc/arm-none-eabi/4.9.3/armv6-m\libgcc.a(_dvmd_tls.o)
 .text          0x00000000        0x0 c:/program files (x86)/gnu tools arm embedded/4.9 2015q3/bin/../lib/gcc/arm-none-eabi/4.9.3/../../../../arm-none-eabi/lib/armv6-m\libg.a(lib_a-exit.o)
 .data          0x00000000        0x0 c:/program files (x86)/gnu tools arm embedded/4.9 2015q3/bin/../lib/gcc/arm-none-eabi/4.9.3/../../../../arm-none-eabi/lib/armv6-m\libg.a(lib_a-exit.o)
 .bss           0x00000000        0x0 c:/program files (x86)/gnu tools arm embedded/4.9 2015q3/bin/../lib/gcc/arm-none-eabi/4.9.3/../../../../arm-none-eabi/lib/armv6-m\libg.a(lib_a-exit.o)
 .text.exit     0x00000000       0x20 c:/program files (x86)/gnu tools arm embedded/4.9 2015q3/bin/../lib/gcc/arm-none-eabi/4.9.3/../../../../arm-none-eabi/lib/armv6-m\libg.a(lib_a-exit.o)
 .debug_frame   0x00000000       0x28 c:/program files (x86)/gnu tools arm embedded/4.9 2015q3/bin/../lib/gcc/arm-none-eabi/4.9.3/../../../../arm-none-eabi/lib/armv6-m\libg.a(lib_a-exit.o)
 .ARM.attributes
                0x00000000       0x2c c:/program files (x86)/gnu tools arm embedded/4.9 2015q3/bin/../lib/gcc/arm-none-eabi/4.9.3/../../../../arm-none-eabi/lib/armv6-m\libg.a(lib_a-exit.o)
 .text          0x00000000        0x0 c:/program files (x86)/gnu tools arm embedded/4.9 2015q3/bin/../lib/gcc/arm-none-eabi/4.9.3/../../../../arm-none-eabi/lib/armv6-m\libg.a(lib_a-impure.o)
 .data          0x00000000        0x0 c:/program files (x86)/gnu tools arm embedded/4.9 2015q3/bin/../lib/gcc/arm-none-eabi/4.9.3/../../../../arm-none-eabi/lib/armv6-m\libg.a(lib_a-impure.o)
 .bss           0x00000000        0x0 c:/program files (x86)/gnu tools arm embedded/4.9 2015q3/bin/../lib/gcc/arm-none-eabi/4.9.3/../../../../arm-none-eabi/lib/armv6-m\libg.a(lib_a-impure.o)
 .data._impure_ptr
                0x00000000        0x4 c:/program files (x86)/gnu tools arm embedded/4.9 2015q3/bin/../lib/gcc/arm-none-eabi/4.9.3/../../../../arm-none-eabi/lib/armv6-m\libg.a(lib_a-impure.o)
 .text          0x00000000        0x0 c:/program files (x86)/gnu tools arm embedded/4.9 2015q3/bin/../lib/gcc/arm-none-eabi/4.9.3/../../../../arm-none-eabi/lib/armv6-m\libg.a(lib_a-init.o)
 .data          0x00000000        0x0 c:/program files (x86)/gnu tools arm embedded/4.9 2015q3/bin/../lib/gcc/arm-none-eabi/4.9.3/../../../../arm-none-eabi/lib/armv6-m\libg.a(lib_a-init.o)
 .bss           0x00000000        0x0 c:/program files (x86)/gnu tools arm embedded/4.9 2015q3/bin/../lib/gcc/arm-none-eabi/4.9.3/../../../../arm-none-eabi/lib/armv6-m\libg.a(lib_a-init.o)
 .text          0x00000000        0x0 c:/program files (x86)/gnu tools arm embedded/4.9 2015q3/bin/../lib/gcc/arm-none-eabi/4.9.3/../../../../arm-none-eabi/lib/armv6-m\libg.a(lib_a-memset.o)
 .data          0x00000000        0x0 c:/program files (x86)/gnu tools arm embedded/4.9 2015q3/bin/../lib/gcc/arm-none-eabi/4.9.3/../../../../arm-none-eabi/lib/armv6-m\libg.a(lib_a-memset.o)
 .bss           0x00000000        0x0 c:/program files (x86)/gnu tools arm embedded/4.9 2015q3/bin/../lib/gcc/arm-none-eabi/4.9.3/../../../../arm-none-eabi/lib/armv6-m\libg.a(lib_a-memset.o)
 .text.memset   0x00000000       0x8c c:/program files (x86)/gnu tools arm embedded/4.9 2015q3/bin/../lib/gcc/arm-none-eabi/4.9.3/../../../../arm-none-eabi/lib/armv6-m\libg.a(lib_a-memset.o)
 .debug_frame   0x00000000       0x2c c:/program files (x86)/gnu tools arm embedded/4.9 2015q3/bin/../lib/gcc/arm-none-eabi/4.9.3/../../../../arm-none-eabi/lib/armv6-m\libg.a(lib_a-memset.o)
 .ARM.attributes
                0x00000000       0x2c c:/program files (x86)/gnu tools arm embedded/4.9 2015q3/bin/../lib/gcc/arm-none-eabi/4.9.3/../../../../arm-none-eabi/lib/armv6-m\libg.a(lib_a-memset.o)
 .text          0x00000000        0x0 c:/program files (x86)/gnu tools arm embedded/4.9 2015q3/bin/../lib/gcc/arm-none-eabi/4.9.3/../../../../arm-none-eabi/lib/armv6-m\libg.a(lib_a-__call_atexit.o)
 .data          0x00000000        0x0 c:/program files (x86)/gnu tools arm embedded/4.9 2015q3/bin/../lib/gcc/arm-none-eabi/4.9.3/../../../../arm-none-eabi/lib/armv6-m\libg.a(lib_a-__call_atexit.o)
 .bss           0x00000000        0x0 c:/program files (x86)/gnu tools arm embedded/4.9 2015q3/bin/../lib/gcc/arm-none-eabi/4.9.3/../../../../arm-none-eabi/lib/armv6-m\libg.a(lib_a-__call_atexit.o)
 .text.__call_exitprocs
                0x00000000      0x108 c:/program files (x86)/gnu tools arm embedded/4.9 2015q3/bin/../lib/gcc/arm-none-eabi/4.9.3/../../../../arm-none-eabi/lib/armv6-m\libg.a(lib_a-__call_atexit.o)
 .text          0x00000000        0x0 c:/program files (x86)/gnu tools arm embedded/4.9 2015q3/bin/../lib/gcc/arm-none-eabi/4.9.3/../../../../arm-none-eabi/lib/armv6-m\libg.a(lib_a-atexit.o)
 .data          0x00000000        0x0 c:/program files (x86)/gnu tools arm embedded/4.9 2015q3/bin/../lib/gcc/arm-none-eabi/4.9.3/../../../../arm-none-eabi/lib/armv6-m\libg.a(lib_a-atexit.o)
 .bss           0x00000000        0x0 c:/program files (x86)/gnu tools arm embedded/4.9 2015q3/bin/../lib/gcc/arm-none-eabi/4.9.3/../../../../arm-none-eabi/lib/armv6-m\libg.a(lib_a-atexit.o)
 .text          0x00000000        0x0 c:/program files (x86)/gnu tools arm embedded/4.9 2015q3/bin/../lib/gcc/arm-none-eabi/4.9.3/../../../../arm-none-eabi/lib/armv6-m\libg.a(lib_a-fini.o)
 .data          0x00000000        0x0 c:/program files (x86)/gnu tools arm embedded/4.9 2015q3/bin/../lib/gcc/arm-none-eabi/4.9.3/../../../../arm-none-eabi/lib/armv6-m\libg.a(lib_a-fini.o)
 .bss           0x00000000        0x0 c:/program files (x86)/gnu tools arm embedded/4.9 2015q3/bin/../lib/gcc/arm-none-eabi/4.9.3/../../../../arm-none-eabi/lib/armv6-m\libg.a(lib_a-fini.o)
 .text          0x00000000        0x0 c:/program files (x86)/gnu tools arm embedded/4.9 2015q3/bin/../lib/gcc/arm-none-eabi/4.9.3/../../../../arm-none-eabi/lib/armv6-m\libg.a(lib_a-__atexit.o)
 .data          0x00000000        0x0 c:/program files (x86)/gnu tools arm embedded/4.9 2015q3/bin/../lib/gcc/arm-none-eabi/4.9.3/../../../../arm-none-eabi/lib/armv6-m\libg.a(lib_a-__atexit.o)
 .bss           0x00000000        0x0 c:/program files (x86)/gnu tools arm embedded/4.9 2015q3/bin/../lib/gcc/arm-none-eabi/4.9.3/../../../../arm-none-eabi/lib/armv6-m\libg.a(lib_a-__atexit.o)
 .text          0x00000000        0x0 c:/program files (x86)/gnu tools arm embedded/4.9 2015q3/bin/../lib/gcc/arm-none-eabi/4.9.3/armv6-m/crtend.o
 .data          0x00000000        0x0 c:/program files (x86)/gnu tools arm embedded/4.9 2015q3/bin/../lib/gcc/arm-none-eabi/4.9.3/armv6-m/crtend.o
 .bss           0x00000000        0x0 c:/program files (x86)/gnu tools arm embedded/4.9 2015q3/bin/../lib/gcc/arm-none-eabi/4.9.3/armv6-m/crtend.o
 .eh_frame      0x00000000        0x4 c:/program files (x86)/gnu tools arm embedded/4.9 2015q3/bin/../lib/gcc/arm-none-eabi/4.9.3/armv6-m/crtend.o
 .text          0x00000000        0x0 c:/program files (x86)/gnu tools arm embedded/4.9 2015q3/bin/../lib/gcc/arm-none-eabi/4.9.3/armv6-m/crtn.o
 .data          0x00000000        0x0 c:/program files (x86)/gnu tools arm embedded/4.9 2015q3/bin/../lib/gcc/arm-none-eabi/4.9.3/armv6-m/crtn.o
 .bss           0x00000000        0x0 c:/program files (x86)/gnu tools arm embedded/4.9 2015q3/bin/../lib/gcc/arm-none-eabi/4.9.3/armv6-m/crtn.o

Memory Configuration

Name             Origin             Length             Attributes
rom              0x08000000         0x00010000         xr
ram              0x20000000         0x00002000         xrw
*default*        0x00000000         0xffffffff

Linker script and memory map

LOAD c:/program files (x86)/gnu tools arm embedded/4.9 2015q3/bin/../lib/gcc/arm-none-eabi/4.9.3/armv6-m/crti.o
LOAD c:/program files (x86)/gnu tools arm embedded/4.9 2015q3/bin/../lib/gcc/arm-none-eabi/4.9.3/armv6-m/crtbegin.o
LOAD c:/program files (x86)/gnu tools arm embedded/4.9 2015q3/bin/../lib/gcc/arm-none-eabi/4.9.3/../../../../arm-none-eabi/lib/armv6-m/crt0.o
                0x20002000                _eram = 0x20002000

.text           0x08000000      0x624
 *(.isr_vector)
 .isr_vector    0x08000000       0xc0 ..\obj\startup_stm32f051x8.o
                0x08000000                g_pfnVectors
 *(.text*)
 .text          0x080000c0       0x60 c:/program files (x86)/gnu tools arm embedded/4.9 2015q3/bin/../lib/gcc/arm-none-eabi/4.9.3/armv6-m/crtbegin.o
 .text          0x08000120      0x160 ..\obj\system_stm32f0xx.o
                0x08000120                SystemInit
                0x080001a8                SystemCoreClockUpdate
 .text          0x08000280       0x94 ..\obj\main.o
                0x08000280                main
 .text.Reset_Handler
                0x08000314       0x50 ..\obj\startup_stm32f051x8.o
                0x08000314                Reset_Handler
 .text.Default_Handler
                0x08000364        0x2 ..\obj\startup_stm32f051x8.o
                0x08000364                TIM1_CC_IRQHandler
                0x08000364                TSC_IRQHandler
                0x08000364                HardFault_Handler
                0x08000364                ADC1_COMP_IRQHandler
                0x08000364                SysTick_Handler
                0x08000364                PVD_IRQHandler
                0x08000364                PendSV_Handler
                0x08000364                NMI_Handler
                0x08000364                I2C1_IRQHandler
                0x08000364                RCC_CRS_IRQHandler
                0x08000364                SPI1_IRQHandler
                0x08000364                TIM6_DAC_IRQHandler
                0x08000364                EXTI2_3_IRQHandler
                0x08000364                I2C2_IRQHandler
                0x08000364                TIM17_IRQHandler
                0x08000364                CEC_CAN_IRQHandler
                0x08000364                RTC_IRQHandler
                0x08000364                TIM16_IRQHandler
                0x08000364                TIM3_IRQHandler
                0x08000364                EXTI4_15_IRQHandler
                0x08000364                DMA1_Channel1_IRQHandler
                0x08000364                Default_Handler
                0x08000364                TIM14_IRQHandler
                0x08000364                DMA1_Channel4_5_IRQHandler
                0x08000364                TIM15_IRQHandler
                0x08000364                EXTI0_1_IRQHandler
                0x08000364                SPI2_IRQHandler
                0x08000364                SVC_Handler
                0x08000364                WWDG_IRQHandler
                0x08000364                TIM2_IRQHandler
                0x08000364                DMA1_Channel2_3_IRQHandler
                0x08000364                USART2_IRQHandler
                0x08000364                FLASH_IRQHandler
                0x08000364                USART1_IRQHandler
                0x08000364                TIM1_BRK_UP_TRG_COM_IRQHandler
 *fill*         0x08000366        0x2 
 .text          0x08000368      0x120 c:/program files (x86)/gnu tools arm embedded/4.9 2015q3/bin/../lib/gcc/arm-none-eabi/4.9.3/armv6-m\libgcc.a(_udivsi3.o)
                0x08000368                __aeabi_uidiv
                0x08000368                __udivsi3
                0x08000474                __aeabi_uidivmod
 .text          0x08000488        0x4 c:/program files (x86)/gnu tools arm embedded/4.9 2015q3/bin/../lib/gcc/arm-none-eabi/4.9.3/armv6-m\libgcc.a(_dvmd_tls.o)
                0x08000488                __aeabi_idiv0
                0x08000488                __aeabi_ldiv0
 .text.__libc_init_array
                0x0800048c       0x48 c:/program files (x86)/gnu tools arm embedded/4.9 2015q3/bin/../lib/gcc/arm-none-eabi/4.9.3/../../../../arm-none-eabi/lib/armv6-m\libg.a(lib_a-init.o)
                0x0800048c                __libc_init_array
 .text.startup.register_fini
                0x080004d4       0x18 c:/program files (x86)/gnu tools arm embedded/4.9 2015q3/bin/../lib/gcc/arm-none-eabi/4.9.3/../../../../arm-none-eabi/lib/armv6-m\libg.a(lib_a-__call_atexit.o)
 .text.atexit   0x080004ec       0x10 c:/program files (x86)/gnu tools arm embedded/4.9 2015q3/bin/../lib/gcc/arm-none-eabi/4.9.3/../../../../arm-none-eabi/lib/armv6-m\libg.a(lib_a-atexit.o)
                0x080004ec                atexit
 .text.__libc_fini_array
                0x080004fc       0x34 c:/program files (x86)/gnu tools arm embedded/4.9 2015q3/bin/../lib/gcc/arm-none-eabi/4.9.3/../../../../arm-none-eabi/lib/armv6-m\libg.a(lib_a-fini.o)
                0x080004fc                __libc_fini_array
 .text.__register_exitproc
                0x08000530       0xd4 c:/program files (x86)/gnu tools arm embedded/4.9 2015q3/bin/../lib/gcc/arm-none-eabi/4.9.3/../../../../arm-none-eabi/lib/armv6-m\libg.a(lib_a-__atexit.o)
                0x08000530                __register_exitproc
 *(.init)
 .init          0x08000604        0x4 c:/program files (x86)/gnu tools arm embedded/4.9 2015q3/bin/../lib/gcc/arm-none-eabi/4.9.3/armv6-m/crti.o
                0x08000604                _init
 .init          0x08000608        0x8 c:/program files (x86)/gnu tools arm embedded/4.9 2015q3/bin/../lib/gcc/arm-none-eabi/4.9.3/armv6-m/crtn.o
 *(.fini)
 .fini          0x08000610        0x4 c:/program files (x86)/gnu tools arm embedded/4.9 2015q3/bin/../lib/gcc/arm-none-eabi/4.9.3/armv6-m/crti.o
                0x08000610                _fini
 .fini          0x08000614        0x8 c:/program files (x86)/gnu tools arm embedded/4.9 2015q3/bin/../lib/gcc/arm-none-eabi/4.9.3/armv6-m/crtn.o
 *crtbegin.o(.ctors)
 *crtbegin?.o(.ctors)
 *(EXCLUDE_FILE(*crtend.o *crtend?.o) .ctors)
 *(SORT(.ctors.*))
 *(.ctors)
 *crtbegin.o(.dtors)
 *crtbegin?.o(.dtors)
 *(EXCLUDE_FILE(*crtend.o *crtend?.o) .dtors)
 *(SORT(.dtors.*))
 *(.dtors)
 *(.rodata*)
 .rodata.str1.4
                0x0800061c        0x4 c:/program files (x86)/gnu tools arm embedded/4.9 2015q3/bin/../lib/gcc/arm-none-eabi/4.9.3/../../../../arm-none-eabi/lib/armv6-m\libg.a(lib_a-impure.o)
                                  0x2 (size before relaxing)
 .rodata._global_impure_ptr
                0x08000620        0x4 c:/program files (x86)/gnu tools arm embedded/4.9 2015q3/bin/../lib/gcc/arm-none-eabi/4.9.3/../../../../arm-none-eabi/lib/armv6-m\libg.a(lib_a-impure.o)
                0x08000620                _global_impure_ptr
 *(.eh_fram e*)

.eh_frame       0x08000624        0x0
 .eh_frame      0x08000624        0x0 c:/program files (x86)/gnu tools arm embedded/4.9 2015q3/bin/../lib/gcc/arm-none-eabi/4.9.3/armv6-m/crtbegin.o

.glue_7         0x08000624        0x0
 .glue_7        0x00000000        0x0 linker stubs

.glue_7t        0x08000624        0x0
 .glue_7t       0x00000000        0x0 linker stubs

.vfp11_veneer   0x08000624        0x0
 .vfp11_veneer  0x00000000        0x0 linker stubs

.v4_bx          0x08000624        0x0
 .v4_bx         0x00000000        0x0 linker stubs

.iplt           0x08000624        0x0
 .iplt          0x00000000        0x0 c:/program files (x86)/gnu tools arm embedded/4.9 2015q3/bin/../lib/gcc/arm-none-eabi/4.9.3/armv6-m/crtbegin.o

.rel.dyn        0x08000624        0x0
 .rel.iplt      0x00000000        0x0 c:/program files (x86)/gnu tools arm embedded/4.9 2015q3/bin/../lib/gcc/arm-none-eabi/4.9.3/armv6-m/crtbegin.o

.ARM.extab
 *(.ARM.extab* .gnu.linkonce.armextab.*)
                0x08000624                __exidx_start = .

.ARM.exidx
 *(.ARM.exidx* .gnu.linkonce.armexidx.*)
                0x08000624                __exidx_end = .
                0x08000624                __etext = .
                0x08000624                _sidata = __etext

.data           0x20000000      0x450 load address 0x08000624
                0x20000000                __data_start__ = .
                0x20000000                _sdata = __data_start__
 *(vtable)
 *(.data*)
 .data          0x20000000       0x14 ..\obj\system_stm32f0xx.o
                0x20000000                SystemCoreClock
                0x20000004                AHBPrescTable
 *fill*         0x20000014        0x4 
 .data.impure_data
                0x20000018      0x428 c:/program files (x86)/gnu tools arm embedded/4.9 2015q3/bin/../lib/gcc/arm-none-eabi/4.9.3/../../../../arm-none-eabi/lib/armv6-m\libg.a(lib_a-impure.o)
                0x20000440                . = ALIGN (0x4)
                0x20000440                PROVIDE (__preinit_array_start, .)
 *(.preinit_array)
                0x20000440                PROVIDE (__preinit_array_end, .)
                0x20000440                . = ALIGN (0x4)
                0x20000440                PROVIDE (__init_array_start, .)
 *(SORT(.init_array.*))
 .init_array.00000
                0x20000440        0x4 c:/program files (x86)/gnu tools arm embedded/4.9 2015q3/bin/../lib/gcc/arm-none-eabi/4.9.3/../../../../arm-none-eabi/lib/armv6-m\libg.a(lib_a-__call_atexit.o)
 *(.init_array)
 .init_array    0x20000444        0x4 c:/program files (x86)/gnu tools arm embedded/4.9 2015q3/bin/../lib/gcc/arm-none-eabi/4.9.3/armv6-m/crtbegin.o
                0x20000448                PROVIDE (__init_array_end, .)
                0x20000448                . = ALIGN (0x4)
                0x20000448                PROVIDE (__fini_array_start, .)
 *(SORT(.fini_array.*))
 *(.fini_array)
 .fini_array    0x20000448        0x4 c:/program files (x86)/gnu tools arm embedded/4.9 2015q3/bin/../lib/gcc/arm-none-eabi/4.9.3/armv6-m/crtbegin.o
                0x2000044c                PROVIDE (__fini_array_end, .)
 *(.jcr*)
 .jcr           0x2000044c        0x0 c:/program files (x86)/gnu tools arm embedded/4.9 2015q3/bin/../lib/gcc/arm-none-eabi/4.9.3/armv6-m/crtbegin.o
 .jcr           0x2000044c        0x4 c:/program files (x86)/gnu tools arm embedded/4.9 2015q3/bin/../lib/gcc/arm-none-eabi/4.9.3/armv6-m/crtend.o
                0x20000450                . = ALIGN (0x4)
                0x20000450                __data_end__ = .
                0x20000450                _edata = __data_end__

.igot.plt       0x20000450        0x0 load address 0x08000a74
 .igot.plt      0x00000000        0x0 c:/program files (x86)/gnu tools arm embedded/4.9 2015q3/bin/../lib/gcc/arm-none-eabi/4.9.3/armv6-m/crtbegin.o

.bss            0x20000450       0x1c load address 0x08000a74
                0x20000450                . = ALIGN (0x4)
                0x20000450                __bss_start__ = .
                0x20000450                _sbss = __bss_start__
 *(.bss*)
 .bss           0x20000450       0x1c c:/program files (x86)/gnu tools arm embedded/4.9 2015q3/bin/../lib/gcc/arm-none-eabi/4.9.3/armv6-m/crtbegin.o
 *(COMMON)
                0x2000046c                . = ALIGN (0x4)
                0x2000046c                __bss_end__ = .
                0x2000046c                _ebss = __bss_end__

.heap           0x2000046c        0x0
                0x2000046c                __end__ = .
                0x2000046c                _end = __end__
                0x2000046c                end = __end__
 *(.heap*)
                0x2000046c                __HeapLimit = .

.co_stack       0x2000046c        0x4 load address 0x08000a90
                0x20000470                . = ALIGN (0x8)
 *fill*         0x2000046c        0x4 
 *(.co_stack .co_stack.*)
                0x20002000                __StackTop = (ORIGIN (ram) + 0x2000)
                0x20001ffc                __StackLimit = (__StackTop - SIZEOF (.co_stack))
                0x20002000                PROVIDE (__stack, __StackTop)
                0x00000001                ASSERT ((__StackLimit >= __HeapLimit), region ram  overflowed with stack)
LOAD ..\obj\stm32f0xx_hal_dma.o
LOAD ..\obj\stm32f0xx_hal_smartcard_ex.o
LOAD ..\obj\stm32f0xx_hal_rcc_ex.o
LOAD ..\obj\stm32f0xx_hal_cortex.o
LOAD ..\obj\stm32f0xx_hal_flash.o
LOAD ..\obj\stm32f0xx_hal_tim_ex.o
LOAD ..\obj\stm32f0xx_hal_flash_ex.o
LOAD ..\obj\stm32f0xx_hal_pwr.o
LOAD ..\obj\system_stm32f0xx.o
LOAD ..\obj\stm32f0xx_hal_crc_ex.o
LOAD ..\obj\stm32f0xx_hal_uart_ex.o
LOAD ..\obj\stm32f0xx_hal_smbus.o
LOAD ..\obj\stm32f0xx_hal_iwdg.o
LOAD ..\obj\stm32f0xx_hal_uart.o
LOAD ..\obj\stm32f0xx_hal_irda.o
LOAD ..\obj\stm32f0xx_hal_tsc.o
LOAD ..\obj\syscalls.o
LOAD ..\obj\stm32f0xx_hal_comp.o
LOAD ..\obj\stm32f0xx_hal_dac.o
LOAD ..\obj\stm32f0xx_hal_crc.o
LOAD ..\obj\stm32f0xx_hal_wwdg.o
LOAD ..\obj\stm32f0xx_hal_usart.o
LOAD ..\obj\stm32f0xx_hal_pwr_ex.o
LOAD ..\obj\stm32f0xx_hal_i2c.o
LOAD ..\obj\main.o
LOAD ..\obj\stm32f0xx_hal_i2s.o
LOAD ..\obj\stm32f0xx_hal_smartcard.o
LOAD ..\obj\startup_stm32f051x8.o
LOAD ..\obj\stm32f0xx_hal_msp_template.o
LOAD ..\obj\stm32f0xx_hal_dac_ex.o
LOAD ..\obj\stm32f0xx_hal_cec.o
LOAD ..\obj\stm32f0xx_hal_rtc.o
LOAD ..\obj\stm32f0xx_hal.o
LOAD ..\obj\stm32f0xx_hal_i2c_ex.o
LOAD ..\obj\stm32f0xx_hal_adc.o
LOAD ..\obj\stm32f0xx_hal_tim.o
LOAD ..\obj\stm32f0xx_hal_spi.o
LOAD ..\obj\stm32f0xx_hal_pcd_ex.o
LOAD ..\obj\stm32f0xx_hal_adc_ex.o
LOAD ..\obj\stm32f0xx_hal_pcd.o
LOAD ..\obj\stm32f0xx_hal_gpio.o
LOAD ..\obj\stm32f0xx_hal_rtc_ex.o
LOAD ..\obj\stm32f0xx_hal_ppp.o
LOAD ..\obj\stm32f0xx_hal_rcc.o
LOAD ..\obj\stm32f0xx_hal_can.o
START GROUP
LOAD c:/program files (x86)/gnu tools arm embedded/4.9 2015q3/bin/../lib/gcc/arm-none-eabi/4.9.3/armv6-m\libgcc.a
LOAD c:/program files (x86)/gnu tools arm embedded/4.9 2015q3/bin/../lib/gcc/arm-none-eabi/4.9.3/../../../../arm-none-eabi/lib/armv6-m\libg.a
LOAD c:/program files (x86)/gnu tools arm embedded/4.9 2015q3/bin/../lib/gcc/arm-none-eabi/4.9.3/../../../../arm-none-eabi/lib/armv6-m\libc.a
END GROUP
LOAD c:/program files (x86)/gnu tools arm embedded/4.9 2015q3/bin/../lib/gcc/arm-none-eabi/4.9.3/armv6-m/crtend.o
LOAD c:/program files (x86)/gnu tools arm embedded/4.9 2015q3/bin/../lib/gcc/arm-none-eabi/4.9.3/armv6-m/crtn.o
OUTPUT(timer.elf elf32-littlearm)

.ARM.attributes
                0x00000000       0x28
 .ARM.attributes
                0x00000000       0x1e c:/program files (x86)/gnu tools arm embedded/4.9 2015q3/bin/../lib/gcc/arm-none-eabi/4.9.3/armv6-m/crti.o
 .ARM.attributes
                0x0000001e       0x2c c:/program files (x86)/gnu tools arm embedded/4.9 2015q3/bin/../lib/gcc/arm-none-eabi/4.9.3/armv6-m/crtbegin.o
 .ARM.attributes
                0x0000004a       0x31 ..\obj\system_stm32f0xx.o
 .ARM.attributes
                0x0000007b       0x31 ..\obj\main.o
 .ARM.attributes
                0x000000ac       0x21 ..\obj\startup_stm32f051x8.o
 .ARM.attributes
                0x000000cd       0x1e c:/program files (x86)/gnu tools arm embedded/4.9 2015q3/bin/../lib/gcc/arm-none-eabi/4.9.3/armv6-m\libgcc.a(_udivsi3.o)
 .ARM.attributes
                0x000000eb       0x1e c:/program files (x86)/gnu tools arm embedded/4.9 2015q3/bin/../lib/gcc/arm-none-eabi/4.9.3/armv6-m\libgcc.a(_dvmd_tls.o)
 .ARM.attributes
                0x00000109       0x2c c:/program files (x86)/gnu tools arm embedded/4.9 2015q3/bin/../lib/gcc/arm-none-eabi/4.9.3/../../../../arm-none-eabi/lib/armv6-m\libg.a(lib_a-impure.o)
 .ARM.attributes
                0x00000135       0x2c c:/program files (x86)/gnu tools arm embedded/4.9 2015q3/bin/../lib/gcc/arm-none-eabi/4.9.3/../../../../arm-none-eabi/lib/armv6-m\libg.a(lib_a-init.o)
 .ARM.attributes
                0x00000161       0x2c c:/program files (x86)/gnu tools arm embedded/4.9 2015q3/bin/../lib/gcc/arm-none-eabi/4.9.3/../../../../arm-none-eabi/lib/armv6-m\libg.a(lib_a-__call_atexit.o)
 .ARM.attributes
                0x0000018d       0x2c c:/program files (x86)/gnu tools arm embedded/4.9 2015q3/bin/../lib/gcc/arm-none-eabi/4.9.3/../../../../arm-none-eabi/lib/armv6-m\libg.a(lib_a-atexit.o)
 .ARM.attributes
                0x000001b9       0x2c c:/program files (x86)/gnu tools arm embedded/4.9 2015q3/bin/../lib/gcc/arm-none-eabi/4.9.3/../../../../arm-none-eabi/lib/armv6-m\libg.a(lib_a-fini.o)
 .ARM.attributes
                0x000001e5       0x2c c:/program files (x86)/gnu tools arm embedded/4.9 2015q3/bin/../lib/gcc/arm-none-eabi/4.9.3/../../../../arm-none-eabi/lib/armv6-m\libg.a(lib_a-__atexit.o)
 .ARM.attributes
                0x00000211       0x2c c:/program files (x86)/gnu tools arm embedded/4.9 2015q3/bin/../lib/gcc/arm-none-eabi/4.9.3/armv6-m/crtend.o
 .ARM.attributes
                0x0000023d       0x1e c:/program files (x86)/gnu tools arm embedded/4.9 2015q3/bin/../lib/gcc/arm-none-eabi/4.9.3/armv6-m/crtn.o

.comment        0x00000000       0x70
 .comment       0x00000000       0x70 ..\obj\system_stm32f0xx.o
                                 0x71 (size before relaxing)
 .comment       0x00000000       0x71 ..\obj\main.o

.debug_info     0x00000000      0x60b
 .debug_info    0x00000000      0x206 ..\obj\system_stm32f0xx.o
 .debug_info    0x00000206      0x33c ..\obj\main.o
 .debug_info    0x00000542       0xc9 ..\obj\startup_stm32f051x8.o

.debug_abbrev   0x00000000      0x1a0
 .debug_abbrev  0x00000000       0xee ..\obj\system_stm32f0xx.o
 .debug_abbrev  0x000000ee       0xa0 ..\obj\main.o
 .debug_abbrev  0x0000018e       0x12 ..\obj\startup_stm32f051x8.o

.debug_aranges  0x00000000       0x68
 .debug_aranges
                0x00000000       0x20 ..\obj\system_stm32f0xx.o
 .debug_aranges
                0x00000020       0x20 ..\obj\main.o
 .debug_aranges
                0x00000040       0x28 ..\obj\startup_stm32f051x8.o

.debug_line     0x00000000      0x40e
 .debug_line    0x00000000      0x19d ..\obj\system_stm32f0xx.o
 .debug_line    0x0000019d      0x1a1 ..\obj\main.o
 .debug_line    0x0000033e       0xd0 ..\obj\startup_stm32f051x8.o

.debug_str      0x00000000      0x2a1
 .debug_str     0x00000000      0x1f3 ..\obj\system_stm32f0xx.o
                                0x238 (size before relaxing)
 .debug_str     0x000001f3       0xae ..\obj\main.o
                                0x20b (size before relaxing)

.debug_frame    0x00000000      0x1a8
 .debug_frame   0x00000000       0x4c ..\obj\system_stm32f0xx.o
 .debug_frame   0x0000004c       0x2c ..\obj\main.o
 .debug_frame   0x00000078       0x20 c:/program files (x86)/gnu tools arm embedded/4.9 2015q3/bin/../lib/gcc/arm-none-eabi/4.9.3/armv6-m\libgcc.a(_udivsi3.o)
 .debug_frame   0x00000098       0x2c c:/program files (x86)/gnu tools arm embedded/4.9 2015q3/bin/../lib/gcc/arm-none-eabi/4.9.3/../../../../arm-none-eabi/lib/armv6-m\libg.a(lib_a-init.o)
 .debug_frame   0x000000c4       0x54 c:/program files (x86)/gnu tools arm embedded/4.9 2015q3/bin/../lib/gcc/arm-none-eabi/4.9.3/../../../../arm-none-eabi/lib/armv6-m\libg.a(lib_a-__call_atexit.o)
 .debug_frame   0x00000118       0x28 c:/program files (x86)/gnu tools arm embedded/4.9 2015q3/bin/../lib/gcc/arm-none-eabi/4.9.3/../../../../arm-none-eabi/lib/armv6-m\libg.a(lib_a-atexit.o)
 .debug_frame   0x00000140       0x2c c:/program files (x86)/gnu tools arm embedded/4.9 2015q3/bin/../lib/gcc/arm-none-eabi/4.9.3/../../../../arm-none-eabi/lib/armv6-m\libg.a(lib_a-fini.o)
 .debug_frame   0x0000016c       0x3c c:/program files (x86)/gnu tools arm embedded/4.9 2015q3/bin/../lib/gcc/arm-none-eabi/4.9.3/../../../../arm-none-eabi/lib/armv6-m\libg.a(lib_a-__atexit.o)

.debug_ranges   0x00000000       0x20
 .debug_ranges  0x00000000       0x20 ..\obj\startup_stm32f051x8.o
